Renesas Optimizing Linker (W3.03.00 )             05-May-2021 15:05:55

*** Options ***

-MAKEUD=DefaultBuild\ultrasonic_water_meter_project.lk.ud
-subcommand=DefaultBuild\ultrasonic_water_meter_project.clnk
-Input=DefaultBuild\rl78_cfg.obj
-Input=DefaultBuild\main.obj
-Input=DefaultBuild\cstart.obj
-Input=DefaultBuild\stkinit.obj
-Input=DefaultBuild\log_cfg.obj
-Input=DefaultBuild\complier_cfg.obj
-Input=DefaultBuild\complier_lib.obj
-Input=DefaultBuild\at24cxx_cfg.obj
-Input=DefaultBuild\at24cxx_lib.obj
-Input=DefaultBuild\at24cxx_task.obj
-Input=DefaultBuild\i2c_cfg.obj
-Input=DefaultBuild\i2c_lib.obj
-Input=DefaultBuild\i2c_task.obj
-Input=DefaultBuild\rtc_cfg.obj
-Input=DefaultBuild\rtc_lib.obj
-Input=DefaultBuild\rtc_task.obj
-Input=DefaultBuild\sys_tick_cfg.obj
-Input=DefaultBuild\sys_tick_lib.obj
-Input=DefaultBuild\sys_tick_task.obj
-Input=DefaultBuild\delay_cfg.obj
-Input=DefaultBuild\delay_lib.obj
-Input=DefaultBuild\delay_task.obj
-Input=DefaultBuild\ms1022_cfg.obj
-Input=DefaultBuild\ms1022_lib.obj
-Input=DefaultBuild\ms1022_task.obj
-Input=DefaultBuild\gpio_cfg.obj
-Input=DefaultBuild\gpio_lib.obj
-Input=DefaultBuild\gpio_task.obj
-Input=DefaultBuild\r_cg_cgc.obj
-Input=DefaultBuild\r_cg_cgc_user.obj
-Input=DefaultBuild\r_cg_port.obj
-Input=DefaultBuild\r_cg_port_user.obj
-Input=DefaultBuild\r_cg_systeminit.obj
-Input=DefaultBuild\r_cg_wdt.obj
-Input=DefaultBuild\r_cg_wdt_user.obj
-Input=DefaultBuild\r_cg_lcd.obj
-Input=DefaultBuild\r_cg_lcd_user.obj
-Input=DefaultBuild\rqz_LCD.obj
-Input=DefaultBuild\r_cg_sau.obj
-Input=DefaultBuild\r_cg_sau_user.obj
-Input=DefaultBuild\dbg.obj
-Input=DefaultBuild\DKEY.obj
-Input=DefaultBuild\r_cg_intp.obj
-Input=DefaultBuild\r_cg_intp_user.obj
-Input=DefaultBuild\IrDA.obj
-Input=DefaultBuild\r_cg_pclbuz.obj
-Input=DefaultBuild\r_cg_pclbuz_user.obj
-SECURITY_ID=00000000000000000001
-DEVICE=D:\Program Files (x86)\Renesas Electronics\CS+\CC\Device_Custom\RL78\Devicefile\DR5FC019L.DVF
-DEBug
-NOCOmpress
-NOOPtimize
-OUtput=DefaultBuild\ultrasonic_water_meter_project.abs
-LIBrary=D:\Program Files (x86)\Renesas Electronics\CS+\CC\CC-RL\V1.10.00\lib\rl78cm4s99.lib
-LIBrary=D:\Program Files (x86)\Renesas Electronics\CS+\CC\CC-RL\V1.10.00\lib\malloc_n.lib
-LIBrary=D:\Program Files (x86)\Renesas Electronics\CS+\CC\CC-RL\V1.10.00\lib\rl78cm4r.lib
-OCDBG=85
-DEBUG_MONITOR=FE00-FFFF
-USER_OPT_BYTE=EF5DAA
-LISt=DefaultBuild\ultrasonic_water_meter_project.map
-AUTO_SECTION_LAYOUT
-ROm=.data=.dataR
-ROm=.sdata=.sdataR
-NOMessage
-MEMory=High
-NOLOgo
-end

*** Error information ***

*** Mapping List ***

SECTION                            START      END         SIZE   ALIGN
.vect
                                  00000000  0000007f        80   0
.data
                                  00000080  000000b3        34   2
.sdata
                                  000000b4  000000b4         0   2
.option_byte
                                  000000c0  000000c3         4   1
.security_id
                                  000000c4  000000cd         a   1
.monitor1
                                  000000ce  000000d7         a   1
.constf
                                  000000d8  0000014f        78   2
.text
                                  00000150  0000039a       24b   1
.RLIB
                                  0000039b  00001323       f89   1
.const
                                  00002000  000020fb        fc   2
.textf
                                  000020fc  00004b9a      2a9f   1
.SLIB
                                  00004b9b  0000742c      2892   1
.monitor2
                                  0000fe00  0000ffff       200   1
.bss
                                  000fef00  000ff113       214   2
.dataR
                                  000ff114  000ff147        34   2
.sbss
                                  000ffe20  000ffe20         0   2
.sdataR
                                  000ffe20  000ffe20         0   2
