Renesas Optimizing Linker (W3.03.00 )             12-Mar-2021 13:02:14

*** Options ***

-MAKEUD=DefaultBuild\water_meter_v1.lk.ud
-subcommand=DefaultBuild\water_meter_v1.clnk
-Input=DefaultBuild\rl78_cfg.obj
-Input=DefaultBuild\r_cg_adc.obj
-Input=DefaultBuild\r_cg_adc_user.obj
-Input=DefaultBuild\r_cg_cgc.obj
-Input=DefaultBuild\r_cg_cgc_user.obj
-Input=DefaultBuild\r_cg_comp.obj
-Input=DefaultBuild\r_cg_comp_user.obj
-Input=DefaultBuild\r_cg_dmac.obj
-Input=DefaultBuild\r_cg_dmac_user.obj
-Input=DefaultBuild\r_cg_intp.obj
-Input=DefaultBuild\r_cg_intp_user.obj
-Input=DefaultBuild\r_cg_it.obj
-Input=DefaultBuild\r_cg_it_user.obj
-Input=DefaultBuild\r_cg_lcd.obj
-Input=DefaultBuild\r_cg_lcd_user.obj
-Input=DefaultBuild\r_cg_pclbuz.obj
-Input=DefaultBuild\r_cg_pclbuz_user.obj
-Input=DefaultBuild\r_cg_port.obj
-Input=DefaultBuild\r_cg_port_user.obj
-Input=DefaultBuild\r_cg_rtc.obj
-Input=DefaultBuild\r_cg_rtc_user.obj
-Input=DefaultBuild\r_cg_sau.obj
-Input=DefaultBuild\r_cg_sau_user.obj
-Input=DefaultBuild\r_cg_tau.obj
-Input=DefaultBuild\r_cg_tau_user.obj
-Input=DefaultBuild\r_cg_wdt.obj
-Input=DefaultBuild\r_cg_wdt_user.obj
-Input=DefaultBuild\main.obj
-Input=DefaultBuild\cstart.obj
-Input=DefaultBuild\hdwinit.obj
-Input=DefaultBuild\stkinit.obj
-Input=DefaultBuild\log_cfg.obj
-Input=DefaultBuild\r_cg_main.obj
-Input=DefaultBuild\r_cg_systeminit.obj
-Input=DefaultBuild\complier_cfg.obj
-Input=DefaultBuild\complier_lib.obj
-Input=DefaultBuild\at24cxx_cfg.obj
-Input=DefaultBuild\at24cxx_lib.obj
-Input=DefaultBuild\at24cxx_task.obj
-Input=DefaultBuild\i2c_cfg.obj
-Input=DefaultBuild\i2c_lib.obj
-Input=DefaultBuild\i2c_task.obj
-SECURITY_ID=00000000000000000000
-DEVICE=D:\Program Files (x86)\Renesas Electronics\CS+\CC\Device_Custom\RL78\Devicefile\DR5FC019L.DVF
-DEBug
-NOCOmpress
-NOOPtimize
-OUtput=DefaultBuild\water_meter_v1.abs
-LIBrary=D:\Program Files (x86)\Renesas Electronics\CS+\CC\CC-RL\V1.10.00\lib\rl78cm4s.lib
-LIBrary=D:\Program Files (x86)\Renesas Electronics\CS+\CC\CC-RL\V1.10.00\lib\malloc_n.lib
-LIBrary=D:\Program Files (x86)\Renesas Electronics\CS+\CC\CC-RL\V1.10.00\lib\rl78cm4r.lib
-LISt=DefaultBuild\water_meter_v1.map
-AUTO_SECTION_LAYOUT
-ROm=.data=.dataR
-ROm=.sdata=.sdataR
-NOMessage
-MEMory=High
-NOLOgo
-end

*** Error information ***

W0561520:"user option byte" in ".option_byte" created by device file
W0561520:"on chip debug" in ".option_byte" created by device file

*** Mapping List ***

SECTION                            START      END         SIZE   ALIGN
.vect
                                  00000000  0000007f        80   0
.constf
                                  00000080  00000080         0   2
.data
                                  00000080  00000080         0   2
.sdata
                                  00000080  00000080         0   2
.option_byte
                                  000000c0  000000c3         4   1
.security_id
                                  000000c4  000000cd         a   1
.SLIB
                                  000000c4  000000c4         0   1
.text
                                  000000ce  00000271       1a4   1
.textf
                                  00000272  000012d3      1062   1
.RLIB
                                  000012d4  00001858       585   1
.const
                                  00002000  0000203a        3b   2
.bss
                                  000fef00  000ff31f       420   2
.dataR
                                  000ff320  000ff320         0   2
.sbss
                                  000ffe20  000ffe20         0   2
.sdataR
                                  000ffe20  000ffe20         0   2
